-------------------

Error occured on Thursday, June 12, 2014 at 12:57:44.

Y:\Scripts\NpackdCL\npackdcl.exe caused an In Page Error at location 006d4cd0 in module Y:\Scripts\NpackdCL\npackdcl.exe.

Registers:
eax=00cc2da4 ebx=02849550 ecx=7efa0000 edx=00000000 esi=00d8f0e0 edi=00cc2d78
eip=006d4cd0 esp=043afe9c ebp=043aff08 iopl=0         nv up ei pl nz na po nc
cs=0023  ss=002b  ds=002b  es=002b  fs=0053  gs=002b             efl=00010206

Call stack:
006D4CD0  Y:\Scripts\NpackdCL\npackdcl.exe:006D4CD0-------------------

Error occured on Thursday, June 12, 2014 at 13:02:58.

Y:\Scripts\NpackdCL\npackdcl.exe caused an In Page Error at location 006d4cd0 in module Y:\Scripts\NpackdCL\npackdcl.exe.

Registers:
eax=009dd54c ebx=009f7480 ecx=7efa0000 edx=00000000 esi=009b7aa0 edi=009dd520
eip=006d4cd0 esp=0423fe9c ebp=0423ff08 iopl=0         nv up ei pl nz na po nc
cs=0023  ss=002b  ds=002b  es=002b  fs=0053  gs=002b             efl=00010206

Call stack:
006D4CD0  Y:\Scripts\NpackdCL\npackdcl.exe:006D4CD0-------------------

Error occured on Saturday, June 21, 2014 at 10:54:05.

\\x.x.x.203\Images\MDT\Scripts\NpackdCL\npackdcl.exe caused an In Page Error at location 00716c00 in module \\x.x.x.203\Images\MDT\Scripts\NpackdCL\npackdcl.exe.

Registers:
eax=0028f4f4 ebx=00000000 ecx=401c0000 edx=0028f4f0 esi=0000002c edi=0000002e
eip=00716c00 esp=0028f44c ebp=0028f668 iopl=0         nv up ei pl nz na pe nc
cs=0023  ss=002b  ds=002b  es=002b  fs=0053  gs=002b             efl=00010202

Call stack:
00716C00  \\x.x.x.203\Images\MDT\Scripts\NpackdCL\npackdcl.exe:00716C00-------------------

Error occured on Tuesday, July 15, 2014 at 11:27:41.

\\x.x.x.203\Images\MDT\Scripts\NpackdCL\npackdcl.exe caused an In Page Error at location 00449520 in module \\x.x.x.203\Images\MDT\Scripts\NpackdCL\npackdcl.exe.

Registers:
eax=0028fe70 ebx=00000004 ecx=0028fdcc edx=00000000 esi=00c215b0 edi=0000000c
eip=00449520 esp=0028fc9c ebp=0028fe08 iopl=0         nv up ei pl nz na pe nc
cs=0023  ss=002b  ds=002b  es=002b  fs=0053  gs=002b             efl=00010202

Call stack:
00449520  \\x.x.x.203\Images\MDT\Scripts\NpackdCL\npackdcl.exe:00449520-------------------

Error occured on Friday, September 26, 2014 at 18:44:51.

\\x.x.x.203\Images\MDT\Scripts\NpackdCL\npackdcl.exe caused an In Page Error at location 00716c00 in module \\x.x.x.203\Images\MDT\Scripts\NpackdCL\npackdcl.exe.

Registers:
eax=0028f4f4 ebx=00000000 ecx=401c0000 edx=0028f4f0 esi=0000002c edi=0000002e
eip=00716c00 esp=0028f44c ebp=0028f668 iopl=0         nv up ei pl nz na pe nc
cs=0023  ss=002b  ds=002b  es=002b  fs=0053  gs=002b             efl=00010202

Call stack:
00716C00  \\x.x.x.203\Images\MDT\Scripts\NpackdCL\npackdcl.exe:00716C00-------------------

Error occured on Monday, October 6, 2014 at 17:48:09.

\\x.x.x.203\Images\MDT\Scripts\NpackdCL\npackdcl.exe caused an In Page Error at location 006cb020 in module \\x.x.x.203\Images\MDT\Scripts\NpackdCL\npackdcl.exe.

Registers:
eax=006cb020 ebx=00991b58 ecx=0028f514 edx=00000005 esi=0000002f edi=0028fc60
eip=006cb020 esp=0028f4ac ebp=0028f528 iopl=0         nv up ei pl nz na pe nc
cs=0023  ss=002b  ds=002b  es=002b  fs=0053  gs=002b             efl=00010202

Call stack:
006CB020  \\x.x.x.203\Images\MDT\Scripts\NpackdCL\npackdcl.exe:006CB020-------------------

Error occured on Friday, October 24, 2014 at 21:48:16.

\\x.x.x.203\Images\MDT\Scripts\NpackdCL\npackdcl.exe caused an In Page Error at location 00575595 in module \\x.x.x.203\Images\MDT\Scripts\NpackdCL\npackdcl.exe.

Registers:
eax=0028fa5c ebx=00000004 ecx=7efdd000 edx=00000000 esi=003f1550 edi=007d0718
eip=00575595 esp=0028f9a0 ebp=00000001 iopl=0         nv up ei pl nz na po nc
cs=0023  ss=002b  ds=002b  es=002b  fs=0053  gs=002b             efl=00010206

Call stack:
00575595  \\x.x.x.203\Images\MDT\Scripts\NpackdCL\npackdcl.exe:00575595-------------------

Error occured on Friday, October 24, 2014 at 21:53:13.

\\x.x.x.203\Images\MDT\Scripts\NpackdCL\npackdcl.exe caused an In Page Error at location 0042f900 in module \\x.x.x.203\Images\MDT\Scripts\NpackdCL\npackdcl.exe.

Registers:
eax=0028f858 ebx=0028fa9c ecx=7efdd000 edx=00000000 esi=022f7dc8 edi=00000011
eip=0042f900 esp=0028f7cc ebp=0028f9a8 iopl=0         nv up ei pl nz na pe nc
cs=0023  ss=002b  ds=002b  es=002b  fs=0053  gs=002b             efl=00010202

Call stack:
0042F900  \\x.x.x.203\Images\MDT\Scripts\NpackdCL\npackdcl.exe:0042F900